<?xml version="1.0" encoding="utf-8"?><testsuites name="pytest tests"><testsuite name="pytest" errors="1" failures="0" skipped="0" tests="1" time="0.049" timestamp="2026-04-06T21:56:28.949506+03:00" hostname="MacBook-Air-Sunrise-2.local"><testcase classname="" name="tests.test_app" time="0.000"><error message="collection failure">ImportError while importing test module '/Users/sunrise/Documents/LABS/lab3/tests/test_app.py'.
Hint: make sure your test modules/packages have valid Python names.
Traceback:
/Library/Frameworks/Python.framework/Versions/3.14/lib/python3.14/importlib/__init__.py:88: in import_module
    return _bootstrap._gcd_import(name[level:], package, level)
           ^^^^^^^^^^^^^^^^^^^^^^^^^^^^^^^^^^^^^^^^^^^^^^^^^^^^
tests/test_app.py:2: in &lt;module&gt;
    from app import app
E   ModuleNotFoundError: No module named 'app'</error></testcase></testsuite></testsuites>